<!DOCTYPE html>
<html lang="en">
<head>
	<meta charset="UTF-8">
	<meta name="viewport" content="width=device-width, initial-scale=1">
	<title>Golden Studio</title>
	<link rel="stylesheet" href="css/main.css">
</head>
<body>
		<header>
			<div class="container">
				<div class="heading">
					<a href="#">
						<img src="img/logo.png" alt="Golden" class="logo">
					</a>
					<nav id="menu" class="menu">
						<div class="topnav">
							<a href="index.html">Home</a>
							<a href="#services">Services</a>
							<a href="#portfolio">Portfolio</a>
							<a href="#about">About</a>
							<a href="#contact">Contact</a>
						</div>
					</nav>
				</div>
				<div class="titles">
					<div class="title_first">
						Welcome to our studio!
					</div>
					<h1>
						It's nice to Meet you
					</h1>
				</div>
				<a class="button" href="#">Tell Me More</a>
			</div>
		</header>
		<section id="services">
			<div class="container">
				<div class="title">
					<h2>
						Services
					</h2>
					<p>
						Proin iaculispurus consequat sem cure.
					</p>
				</div>
				<div class="services">
					<div class="services_item">
						<img src="img/icon1.png" alt="Услуга">
						<h3>E-Commerce</h3>
						<p>
							Proin iaculis purus consequat sem cure 
							digni ssim. Donec porttitora entum suscipit 
							aenean rhoncus posuere odio in tincidunt.
						</p>
					</div>
					<div class="services_item">
						<img src="img/icon2.png" alt="Услуга">
						<h3>Responsive Web</h3>
						<p>
							Proin iaculis purus consequat sem cure 
							digni ssim. Donec porttitora entum suscipit 
							aenean rhoncus posuere odio in tincidunt.
						</p>
					</div>
					<div class="services_item"
					>
						<img src="img/icon3.png" alt="Услуга">
						<h3>Web Security</h3>
						<p>
							Proin iaculis purus consequat sem cure 
							digni ssim. Donec porttitora entum suscipit 
							aenean rhoncus posuere odio in tincidunt.
						</p>
					</div>
				</div>
			</div>
		</section>
		<section id="portfolio">
			<div class="container">
				<div class="title">
					<h2>
						Our Portfolio
					</h2>
					<p>
						Proin iaculis purus consequat sem cure. 
					</p>
				</div>
				<div class="works">
					<img src="img/img1.jpg" alt="Работа">
					<img src="img/img2.jpg" alt="Работа">
					<img src="img/img3.jpg" alt="Работа">
				</div>
			</div>
		</section>
		<section id="about">
			<div class="container">
				<div class="title">
					<h2>
						About Us
					</h2>
					<p>
						Proin iaculis purus consequat sem cure. 
					</p>
				</div>
				<div class="about">
					<div class="about_item1 about_item">
						<img src="img/about1.jpg" alt="Услуга" class="img_about_adapt">
						<div class="about_item_text1 about_item_text">
							<h3>January 2011<br>Facing Startup Battles</h3>
							<p>
								Proin iaculis purus consequat sem cure<br>
								digni ssim. Donec porttitora entum suscipit<br>
								aenean rhoncus posuere odio in tincidunt. Proin<br> 
								iaculis purus consequat sem cure digni<br>
								ssim. Donec porttitora entum suscipit.
							</p>
						</div>
						<img src="img/about2.jpg" alt="Услуга" class="img_about_table">
					</div>
					<div class="about_item2 about_item">
						<img src="img/about3.jpg" alt="Услуга">
						<div class="about_item_text2 about_item_text">
							<h3>December 2012<br>Enter The Dark Days</h3>
							<p>
								Proin iaculis purus consequat sem cure<br>
								digni ssim. Donec porttitora entum suscipit<br>
								aenean rhoncus posuere odio in tincidunt. Proin<br>
								iaculis purus consequat sem cure digni<br>
								ssim. Donec porttitora entum suscipit aenean<br>
								rhoncus posuere odio in tincidunt.
							</p>
						</div>
					</div>
					<div class="about_item3 about_item">
						<img src="img/about4.jpg" alt="Услуга" class="img_about_adapt">
						<div class="about_item_text3 about_item_text">
							<h3>February 2014<br>Our Triumph</h3>
							<p>
								Proin iaculis purus consequat sem cure<br> 
								digni ssim. Donec porttitora entum suscipit<br>
								aenean rhoncus posuere odio in tincidunt. Proin<br> 
								iaculis purus consequat sem cure digni<br>
								ssim. Donec porttitora entum suscipit aenean.
							</p>
						</div>
						<img src="img/about4.jpg" alt="Услуга" class="img_about_table">
					</div>
					<div class="about_item4 about_item">
						<img src="img/about1.jpg" alt="Услуга">
						<div class="about_item_text2 about_item_text">
							<h3>December 2012<br>We are Leaders!</h3>
							<p>
								Proin iaculis purus consequat sem cure<br>
								digni ssim. Donec porttitora entum suscipit<br>
								aenean rhoncus posuere odio in tincidunt. Proin<br>
								iaculis purus consequat sem cure digni<br>
								ssim. Donec porttitora entum suscipit aenean<br>
								rhoncus posuere odio in tincidunt.
							</p>
						</div>
					</div>
				</div>
			</div>
		</section>
		<footer id="contact">
			<div class="copyright">
				<p>
					© Copyright 2014 FreebiesXpress.com
				</p>
			</div>
		</footer>
		<script src="js/common.js"></script>
</body>
</html>